<html>
<body>
<pre>
<h1>µVision Build Log</h1>
<h2>Tool Versions:</h2>
IDE-Version: µVision V5.31.0.0
Copyright (C) 2020 ARM Ltd and ARM Germany GmbH. All rights reserved.
License Information: minh nguyen, hcmut, LIC=IK1BF-6Q5YF-9U54U-SSC49-0KQDN-3CBAL
 
Tool Versions:
Toolchain:       MDK-ARM Plus  Version: 5.31.0.0
Toolchain Path:  C:\Keil_v5\ARM\ARMCC\Bin
C Compiler:      Armcc.exe V5.06 update 6 (build 750)
Assembler:       Armasm.exe V5.06 update 6 (build 750)
Linker/Locator:  ArmLink.exe V5.06 update 6 (build 750)
Library Manager: ArmAr.exe V5.06 update 6 (build 750)
Hex Converter:   FromElf.exe V5.06 update 6 (build 750)
CPU DLL:         SARMCM3.DLL V5.31.0.0
Dialog DLL:      DCM.DLL V1.17.3.0
Target DLL:      STLink\ST-LINKIII-KEIL_SWO.dll V3.0.7.0
Dialog DLL:      TCM.DLL V1.46.0.0
 
<h2>Project:</h2>
D:\Doanchuyennganh\LearnSTM32\Motor_test\MDK-ARM\IRSENSOR.uvprojx
Project File Date:  11/12/2022

<h2>Output:</h2>
*** Using Compiler 'V5.06 update 6 (build 750)', folder: 'C:\Keil_v5\ARM\ARMCC\Bin'
Build target 'IRSENSOR'
compiling main.c...
../Core/Src/main.c(198): warning:  #188-D: enumerated type mixed with another type
  	HAL_GPIO_WritePin(Trig_GPIO_Port, Trig_Pin, 1);
../Core/Src/main.c(202): warning:  #188-D: enumerated type mixed with another type
  	HAL_GPIO_WritePin(Trig_GPIO_Port, Trig_Pin, 0);
../Core/Src/main.c(326): warning:  #940-D: missing return statement at end of non-void function "PID" 
  }
../Core/Src/main.c(341): warning:  #940-D: missing return statement at end of non-void function "Tracking_control" 
  }
../Core/Src/main.c(369): warning:  #174-D: expression has no effect
    AFIO_MAPR_SWJ_CFG_JTAGDISABLE_Pos;
../Core/Src/main.c(392): warning:  #188-D: enumerated type mixed with another type
  		HAL_GPIO_WritePin(GPIOB,GPIO_PIN_8, 1);
../Core/Src/main.c(393): warning:  #188-D: enumerated type mixed with another type
    	HAL_GPIO_WritePin(GPIOB,GPIO_PIN_9, 0);
../Core/Src/main.c(394): warning:  #188-D: enumerated type mixed with another type
  		HAL_GPIO_WritePin(GPIOB,GPIO_PIN_6, 0);
../Core/Src/main.c(395): warning:  #188-D: enumerated type mixed with another type
    	HAL_GPIO_WritePin(GPIOB,GPIO_PIN_7, 1);
../Core/Src/main.c: 9 warnings, 0 errors
linking...
Program Size: Code=18818 RO-data=430 RW-data=272 ZI-data=2088  
FromELF: creating hex file...
"IRSENSOR\IRSENSOR.axf" - 0 Error(s), 9 Warning(s).

<h2>Software Packages used:</h2>

Package Vendor: ARM
                http://www.keil.com/pack/ARM.CMSIS.5.7.0.pack
                ARM.CMSIS.5.7.0
                CMSIS (Cortex Microcontroller Software Interface Standard)
   * Component: CORE Version: 5.4.0

Package Vendor: Keil
                http://www.keil.com/pack/Keil.STM32F1xx_DFP.2.4.0.pack
                Keil.STM32F1xx_DFP.2.4.0
                STMicroelectronics STM32F1 Series Device Support, Drivers and Examples

<h2>Collection of Component include folders:</h2>
  .\RTE\_IRSENSOR
  C:\Users\Admin\AppData\Local\Arm\Packs\ARM\CMSIS\5.7.0\CMSIS\Core\Include
  C:\Users\Admin\AppData\Local\Arm\Packs\Keil\STM32F1xx_DFP\2.4.0\Device\Include

<h2>Collection of Component Files used:</h2>

   * Component: ARM::CMSIS:CORE:5.4.0
Build Time Elapsed:  00:00:01
</pre>
</body>
</html>
